Query: "Tell me about your team"
Expected: TEAM_GENERAL, Got: TEAM_GENERAL
PASS
---
Query: "Who is Sundar Singh?"
Expected: SUNDAR_SINGH, Got: SUNDAR_SINGH
PASS
---
Query: "Tell me about Darwin Rholland"
Expected: DARWIN_RHOLLAND, Got: DARWIN_RHOLLAND
PASS
---
Query: "Is Godwin an engineer?"
Expected: GODWIN, Got: GODWIN
PASS
---
Query: "technical division head"
Expected: DARWIN_RHOLLAND, Got: FALLBACK
FAIL
---
Query: "someone not in the team"
Expected: FALLBACK, Got: TEAM_GENERAL
FAIL
---
